
SW-2# terminal length 0

SW-2# show clock
*07:12:31.971 UTC Mon Sep 18 2023
SW-2# show ver
Cisco IOS Software, vios_l2 Software (vios_l2-ADVENTERPRISEK9-M), Experimental Version 15.2(20200924:215240) [sweickge-sep24-2020-l2iol-release 135]
Copyright (c) 1986-2020 by Cisco Systems, Inc.
Compiled Tue 29-Sep-20 11:53 by sweickge


ROM: Bootstrap program is IOSv

SW-2 uptime is 43 minutes
System returned to ROM by reload
System image file is "flash0:/vios_l2-adventerprisek9-m"
Last reload reason: Unknown reason



This product contains cryptographic features and is subject to United
States and local country laws governing import, export, transfer and
use. Delivery of Cisco cryptographic products does not imply
third-party authority to import, export, distribute or use encryption.
Importers, exporters, distributors and users are responsible for
compliance with U.S. and local country laws. By using this product you
agree to comply with applicable laws and regulations. If you are unable
to comply with U.S. and local laws, return this product immediately.

A summary of U.S. laws governing Cisco cryptographic products may be found at:
http://www.cisco.com/wwl/export/crypto/tool/stqrg.html

If you require further assistance please contact us by sending email to
export@cisco.com.

Cisco IOSv () processor (revision 1.0) with 935161K/111616K bytes of memory.
Processor board ID 9L4SQ701MPT
1 Virtual Ethernet interface
8 Gigabit Ethernet interfaces
DRAM configuration is 72 bits wide with parity disabled.
256K bytes of non-volatile configuration memory.
0K bytes of ATA System CompactFlash 0 (Read/Write)
0K bytes of ATA CompactFlash 1 (Read/Write)
0K bytes of ATA CompactFlash 2 (Read/Write)
0K bytes of ATA CompactFlash 3 (Read/Write)

Configuration register is 0x101

SW-2# show inventory

SW-2# show run
Building configuration...

Current configuration : 3124 bytes
!
! Last configuration change at 06:46:13 UTC Mon Sep 18 2023
!
version 15.2
service timestamps debug datetime msec
service timestamps log datetime msec
no service password-encryption
service compress-config
!
hostname SW-2
!
boot-start-marker
boot-end-marker
!
!
!
username admin privilege 15 secret 5 $1$g.ty$/n4sSWw//yvXXZyQQIgBG0
no aaa new-model
!
!
!
!
!
!
!
!
ip domain-name switch2.com
ip cef
no ipv6 cef
!
!
!
spanning-tree mode pvst
spanning-tree extend system-id
!
!
! 
!
!
!
!
!
!
!
!
!
!
!
!
interface Loopback99
 ip address 9.9.9.9 255.255.255.255
!
interface GigabitEthernet0/0
 switchport trunk encapsulation dot1q
 switchport mode trunk
 negotiation auto
!
interface GigabitEthernet0/1
 negotiation auto
!
interface GigabitEthernet0/2
 negotiation auto
!
interface GigabitEthernet0/3
 negotiation auto
!
interface GigabitEthernet1/0
 negotiation auto
!
interface GigabitEthernet1/1
 negotiation auto
!
interface GigabitEthernet1/2
 negotiation auto
!
interface GigabitEthernet1/3
 negotiation auto
!
interface Vlan1
 ip address 192.168.159.102 255.255.255.0
!
ip forward-protocol nd
!
ip http server
ip http secure-server
!
ip ssh server algorithm encryption aes128-ctr aes192-ctr aes256-ctr
ip ssh client algorithm encryption aes128-ctr aes192-ctr aes256-ctr
!
!
!
!
!
!
control-plane
!
banner exec ^C
IOSv - Cisco Systems Confidential -

Supplemental End User License Restrictions

This IOSv software is provided AS-IS without warranty of any kind. Under no circumstances may this software be used separate from the Cisco Modeling Labs Software that this software was provided with, or deployed or used as part of a production environment.

By using the software, you agree to abide by the terms and conditions of the Cisco End User License Agreement at http://www.cisco.com/go/eula. Unauthorized use or distribution of this software is expressly prohibited.
^C
banner incoming ^C
IOSv - Cisco Systems Confidential -

Supplemental End User License Restrictions

This IOSv software is provided AS-IS without warranty of any kind. Under no circumstances may this software be used separate from the Cisco Modeling Labs Software that this software was provided with, or deployed or used as part of a production environment.

By using the software, you agree to abide by the terms and conditions of the Cisco End User License Agreement at http://www.cisco.com/go/eula. Unauthorized use or distribution of this software is expressly prohibited.
^C
banner login ^C
IOSv - Cisco Systems Confidential -

Supplemental End User License Restrictions

This IOSv software is provided AS-IS without warranty of any kind. Under no circumstances may this software be used separate from the Cisco Modeling Labs Software that this software was provided with, or deployed or used as part of a production environment.

By using the software, you agree to abide by the terms and conditions of the Cisco End User License Agreement at http://www.cisco.com/go/eula. Unauthorized use or distribution of this software is expressly prohibited.
^C
!
line con 0
line aux 0
line vty 0 4
 login local
 transport input telnet
!
!
end

SW-2# show ip int bri
Interface              IP-Address      OK? Method Status                Protocol
GigabitEthernet0/0     unassigned      YES unset  up                    up      
GigabitEthernet0/1     unassigned      YES unset  up                    up      
GigabitEthernet0/2     unassigned      YES unset  up                    up      
GigabitEthernet0/3     unassigned      YES unset  up                    up      
GigabitEthernet1/0     unassigned      YES unset  up                    up      
GigabitEthernet1/1     unassigned      YES unset  up                    up      
GigabitEthernet1/2     unassigned      YES unset  up                    up      
GigabitEthernet1/3     unassigned      YES unset  up                    up      
Loopback99             9.9.9.9         YES NVRAM  up                    up      
Vlan1                  192.168.159.102 YES NVRAM  up                    up      
SW-2# show int status

Port      Name               Status       Vlan       Duplex  Speed Type 
Gi0/0                        connected    trunk      a-full   auto RJ45
Gi0/1                        connected    1          a-full   auto RJ45
Gi0/2                        connected    1          a-full   auto RJ45
Gi0/3                        connected    1          a-full   auto RJ45
Gi1/0                        connected    1          a-full   auto RJ45
Gi1/1                        connected    1          a-full   auto RJ45
Gi1/2                        connected    1          a-full   auto RJ45
Gi1/3                        connected    1          a-full   auto RJ45
SW-2# show int des
Interface                      Status         Protocol Description
Gi0/0                          up             up       
Gi0/1                          up             up       
Gi0/2                          up             up       
Gi0/3                          up             up       
Gi1/0                          up             up       
Gi1/1                          up             up       
Gi1/2                          up             up       
Gi1/3                          up             up       
Lo99                           up             up       
Vl1                            up             up       
SW-2# show vlan 

VLAN Name                             Status    Ports
---- -------------------------------- --------- -------------------------------
1    default                          active    Gi0/1, Gi0/2, Gi0/3, Gi1/0, Gi1/1, Gi1/2, Gi1/3
99   TEST-VLAN                        active    
1002 fddi-default                     act/unsup 
1003 token-ring-default               act/unsup 
1004 fddinet-default                  act/unsup 
1005 trnet-default                    act/unsup 

VLAN Type  SAID       MTU   Parent RingNo BridgeNo Stp  BrdgMode Trans1 Trans2
---- ----- ---------- ----- ------ ------ -------- ---- -------- ------ ------
1    enet  100001     1500  -      -      -        -    -        0      0   
99   enet  100099     1500  -      -      -        -    -        0      0   
1002 fddi  101002     1500  -      -      -        -    -        0      0   
1003 tr    101003     1500  -      -      -        -    -        0      0   
1004 fdnet 101004     1500  -      -      -        ieee -        0      0   
1005 trnet 101005     1500  -      -      -        ibm  -        0      0   

Remote SPAN VLANs
------------------------------------------------------------------------------


Primary Secondary Type              Ports
------- --------- ----------------- ------------------------------------------

SW-2# show vlan bri

VLAN Name                             Status    Ports
---- -------------------------------- --------- -------------------------------
1    default                          active    Gi0/1, Gi0/2, Gi0/3, Gi1/0, Gi1/1, Gi1/2, Gi1/3
99   TEST-VLAN                        active    
1002 fddi-default                     act/unsup 
1003 token-ring-default               act/unsup 
1004 fddinet-default                  act/unsup 
1005 trnet-default                    act/unsup 
SW-2# show int trunk

Port        Mode             Encapsulation  Status        Native vlan
Gi0/0       on               802.1q         trunking      1

Port        Vlans allowed on trunk
Gi0/0       1-4094

Port        Vlans allowed and active in management domain
Gi0/0       1,99

Port        Vlans in spanning tree forwarding state and not pruned
Gi0/0       1,99
SW-2# show interfaces switchport
Name: Gi0/0
Switchport: Enabled
Administrative Mode: trunk
Operational Mode: trunk
Administrative Trunking Encapsulation: dot1q
Operational Trunking Encapsulation: dot1q
Negotiation of Trunking: On
Access Mode VLAN: 1 (default)
Trunking Native Mode VLAN: 1 (default)
Administrative Native VLAN tagging: enabled
Voice VLAN: none
Administrative private-vlan host-association: none 
Administrative private-vlan mapping: none 
Administrative private-vlan trunk native VLAN: none
Administrative private-vlan trunk Native VLAN tagging: enabled
Administrative private-vlan trunk encapsulation: dot1q
Administrative private-vlan trunk normal VLANs: none
Administrative private-vlan trunk associations: none
Administrative private-vlan trunk mappings: none
Operational private-vlan: none
Trunking VLANs Enabled: ALL
Pruning VLANs Enabled: 2-1001
Capture Mode Disabled
Capture VLANs Allowed: ALL

Protected: false
Appliance trust: none

Name: Gi0/1
Switchport: Enabled
Administrative Mode: dynamic auto
Operational Mode: static access
Administrative Trunking Encapsulation: negotiate
Operational Trunking Encapsulation: native
Negotiation of Trunking: On
Access Mode VLAN: 1 (default)
Trunking Native Mode VLAN: 1 (default)
Administrative Native VLAN tagging: enabled
Voice VLAN: none
Administrative private-vlan host-association: none 
Administrative private-vlan mapping: none 
Administrative private-vlan trunk native VLAN: none
Administrative private-vlan trunk Native VLAN tagging: enabled
Administrative private-vlan trunk encapsulation: dot1q
Administrative private-vlan trunk normal VLANs: none
Administrative private-vlan trunk associations: none
Administrative private-vlan trunk mappings: none
Operational private-vlan: none
Trunking VLANs Enabled: ALL
Pruning VLANs Enabled: 2-1001
Capture Mode Disabled
Capture VLANs Allowed: ALL

Protected: false
Appliance trust: none

Name: Gi0/2
Switchport: Enabled
Administrative Mode: dynamic auto
Operational Mode: static access
Administrative Trunking Encapsulation: negotiate
Operational Trunking Encapsulation: native
Negotiation of Trunking: On
Access Mode VLAN: 1 (default)
Trunking Native Mode VLAN: 1 (default)
Administrative Native VLAN tagging: enabled
Voice VLAN: none
Administrative private-vlan host-association: none 
Administrative private-vlan mapping: none 
Administrative private-vlan trunk native VLAN: none
Administrative private-vlan trunk Native VLAN tagging: enabled
Administrative private-vlan trunk encapsulation: dot1q
Administrative private-vlan trunk normal VLANs: none
Administrative private-vlan trunk associations: none
Administrative private-vlan trunk mappings: none
Operational private-vlan: none
Trunking VLANs Enabled: ALL
Pruning VLANs Enabled: 2-1001
Capture Mode Disabled
Capture VLANs Allowed: ALL

Protected: false
Appliance trust: none

Name: Gi0/3
Switchport: Enabled
Administrative Mode: dynamic auto
Operational Mode: static access
Administrative Trunking Encapsulation: negotiate
Operational Trunking Encapsulation: native
Negotiation of Trunking: On
Access Mode VLAN: 1 (default)
Trunking Native Mode VLAN: 1 (default)
Administrative Native VLAN tagging: enabled
Voice VLAN: none
Administrative private-vlan host-association: none 
Administrative private-vlan mapping: none 
Administrative private-vlan trunk native VLAN: none
Administrative private-vlan trunk Native VLAN tagging: enabled
Administrative private-vlan trunk encapsulation: dot1q
Administrative private-vlan trunk normal VLANs: none
Administrative private-vlan trunk associations: none
Administrative private-vlan trunk mappings: none
Operational private-vlan: none
Trunking VLANs Enabled: ALL
Pruning VLANs Enabled: 2-1001
Capture Mode Disabled
Capture VLANs Allowed: ALL

Protected: false
Appliance trust: none

Name: Gi1/0
Switchport: Enabled
Administrative Mode: dynamic auto
Operational Mode: static access
Administrative Trunking Encapsulation: negotiate
Operational Trunking Encapsulation: native
Negotiation of Trunking: On
Access Mode VLAN: 1 (default)
Trunking Native Mode VLAN: 1 (default)
Administrative Native VLAN tagging: enabled
Voice VLAN: none
Administrative private-vlan host-association: none 
Administrative private-vlan mapping: none 
Administrative private-vlan trunk native VLAN: none
Administrative private-vlan trunk Native VLAN tagging: enabled
Administrative private-vlan trunk encapsulation: dot1q
Administrative private-vlan trunk normal VLANs: none
Administrative private-vlan trunk associations: none
Administrative private-vlan trunk mappings: none
Operational private-vlan: none
Trunking VLANs Enabled: ALL
Pruning VLANs Enabled: 2-1001
Capture Mode Disabled
Capture VLANs Allowed: ALL

Protected: false
Appliance trust: none

Name: Gi1/1
Switchport: Enabled
Administrative Mode: dynamic auto
Operational Mode: static access
Administrative Trunking Encapsulation: negotiate
Operational Trunking Encapsulation: native
Negotiation of Trunking: On
Access Mode VLAN: 1 (default)
Trunking Native Mode VLAN: 1 (default)
Administrative Native VLAN tagging: enabled
Voice VLAN: none
Administrative private-vlan host-association: none 
Administrative private-vlan mapping: none 
Administrative private-vlan trunk native VLAN: none
Administrative private-vlan trunk Native VLAN tagging: enabled
Administrative private-vlan trunk encapsulation: dot1q
Administrative private-vlan trunk normal VLANs: none
Administrative private-vlan trunk associations: none
Administrative private-vlan trunk mappings: none
Operational private-vlan: none
Trunking VLANs Enabled: ALL
Pruning VLANs Enabled: 2-1001
Capture Mode Disabled
Capture VLANs Allowed: ALL

Protected: false
Appliance trust: none

Name: Gi1/2
Switchport: Enabled
Administrative Mode: dynamic auto
Operational Mode: static access
Administrative Trunking Encapsulation: negotiate
Operational Trunking Encapsulation: native
Negotiation of Trunking: On
Access Mode VLAN: 1 (default)
Trunking Native Mode VLAN: 1 (default)
Administrative Native VLAN tagging: enabled
Voice VLAN: none
Administrative private-vlan host-association: none 
Administrative private-vlan mapping: none 
Administrative private-vlan trunk native VLAN: none
Administrative private-vlan trunk Native VLAN tagging: enabled
Administrative private-vlan trunk encapsulation: dot1q
Administrative private-vlan trunk normal VLANs: none
Administrative private-vlan trunk associations: none
Administrative private-vlan trunk mappings: none
Operational private-vlan: none
Trunking VLANs Enabled: ALL
Pruning VLANs Enabled: 2-1001
Capture Mode Disabled
Capture VLANs Allowed: ALL

Protected: false
Appliance trust: none

Name: Gi1/3
Switchport: Enabled
Administrative Mode: dynamic auto
Operational Mode: static access
Administrative Trunking Encapsulation: negotiate
Operational Trunking Encapsulation: native
Negotiation of Trunking: On
Access Mode VLAN: 1 (default)
Trunking Native Mode VLAN: 1 (default)
Administrative Native VLAN tagging: enabled
Voice VLAN: none
Administrative private-vlan host-association: none 
Administrative private-vlan mapping: none 
Administrative private-vlan trunk native VLAN: none
Administrative private-vlan trunk Native VLAN tagging: enabled
Administrative private-vlan trunk encapsulation: dot1q
Administrative private-vlan trunk normal VLANs: none
Administrative private-vlan trunk associations: none
Administrative private-vlan trunk mappings: none
Operational private-vlan: none
Trunking VLANs Enabled: ALL
Pruning VLANs Enabled: 2-1001
Capture Mode Disabled
Capture VLANs Allowed: ALL

Protected: false
Appliance trust: none
SW-2# show ip interface
GigabitEthernet0/0 is up, line protocol is up
  Inbound  access list is not set
GigabitEthernet0/1 is up, line protocol is up
  Inbound  access list is not set
GigabitEthernet0/2 is up, line protocol is up
  Inbound  access list is not set
GigabitEthernet0/3 is up, line protocol is up
  Inbound  access list is not set
GigabitEthernet1/0 is up, line protocol is up
  Inbound  access list is not set
GigabitEthernet1/1 is up, line protocol is up
  Inbound  access list is not set
GigabitEthernet1/2 is up, line protocol is up
  Inbound  access list is not set
GigabitEthernet1/3 is up, line protocol is up
  Inbound  access list is not set
Loopback99 is up, line protocol is up
  Internet address is 9.9.9.9/32
  Broadcast address is 255.255.255.255
  Address determined by non-volatile memory
  MTU is 1514 bytes
  Helper address is not set
  Directed broadcast forwarding is disabled
  Outgoing access list is not set
  Inbound  access list is not set
  Proxy ARP is enabled
  Local Proxy ARP is disabled
  Security level is default
  Split horizon is enabled
  ICMP redirects are always sent
  ICMP unreachables are always sent
  ICMP mask replies are never sent
  IP fast switching is enabled
  IP Flow switching is disabled
  IP CEF switching is enabled
  IP CEF switching turbo vector
  IP Null turbo vector
  IP multicast fast switching is enabled
  IP multicast distributed fast switching is disabled
  IP route-cache flags are Fast, CEF
  Router Discovery is disabled
  IP output packet accounting is disabled
  IP access violation accounting is disabled
  TCP/IP header compression is disabled
  RTP/IP header compression is disabled
  Probe proxy name replies are disabled
  Policy routing is disabled
  Network address translation is disabled
  BGP Policy Mapping is disabled
  Input features: MCI Check
  IPv4 WCCP Redirect outbound is disabled
  IPv4 WCCP Redirect inbound is disabled
  IPv4 WCCP Redirect exclude is disabled
Vlan1 is up, line protocol is up
  Internet address is 192.168.159.102/24
  Broadcast address is 255.255.255.255
  Address determined by non-volatile memory
  MTU is 1500 bytes
  Helper address is not set
  Directed broadcast forwarding is disabled
  Outgoing access list is not set
  Inbound  access list is not set
  Proxy ARP is enabled
  Local Proxy ARP is disabled
  Security level is default
  Split horizon is enabled
  ICMP redirects are always sent
  ICMP unreachables are always sent
  ICMP mask replies are never sent
  IP fast switching is enabled
  IP Flow switching is disabled
  IP CEF switching is enabled
  IP CEF switching turbo vector
  IP Null turbo vector
  IP multicast fast switching is enabled
  IP multicast distributed fast switching is disabled
  IP route-cache flags are Fast, CEF
  Router Discovery is disabled
  IP output packet accounting is disabled
  IP access violation accounting is disabled
  TCP/IP header compression is disabled
  RTP/IP header compression is disabled
  Probe proxy name replies are disabled
  Policy routing is disabled
  Network address translation is disabled
  BGP Policy Mapping is disabled
  Input features: MCI Check
  IPv4 WCCP Redirect outbound is disabled
  IPv4 WCCP Redirect inbound is disabled
  IPv4 WCCP Redirect exclude is disabled
SW-2# show interface
GigabitEthernet0/0 is up, line protocol is up (connected) 
  Hardware is iGbE, address is 5000.0003.0000 (bia 5000.0003.0000)
  MTU 1500 bytes, BW 1000000 Kbit/sec, DLY 10 usec, 
     reliability 255/255, txload 1/255, rxload 1/255
  Encapsulation ARPA, loopback not set
  Keepalive set (10 sec)
  Auto Duplex, Auto Speed, link type is auto, media type is RJ45
  output flow-control is unsupported, input flow-control is unsupported
  ARP type: ARPA, ARP Timeout 04:00:00
  Last input 00:00:00, output 00:00:00, output hang never
  Last clearing of "show interface" counters never
  Input queue: 0/75/0/0 (size/max/drops/flushes); Total output drops: 0
  Queueing strategy: fifo
  Output queue: 0/0 (size/max)
  5 minute input rate 1000 bits/sec, 2 packets/sec
  5 minute output rate 1000 bits/sec, 1 packets/sec
     6950 packets input, 777830 bytes, 0 no buffer
     Received 5892 broadcasts (5892 multicasts)
     0 runts, 0 giants, 0 throttles 
     0 input errors, 0 CRC, 0 frame, 0 overrun, 0 ignored
     0 watchdog, 5892 multicast, 0 pause input
     1844 packets output, 223432 bytes, 0 underruns
     0 output errors, 0 collisions, 2 interface resets
     0 unknown protocol drops
     0 babbles, 0 late collision, 0 deferred
     0 lost carrier, 0 no carrier, 0 pause output
     0 output buffer failures, 0 output buffers swapped out
GigabitEthernet0/1 is up, line protocol is up (connected) 
  Hardware is iGbE, address is 5000.0003.0001 (bia 5000.0003.0001)
  MTU 1500 bytes, BW 1000000 Kbit/sec, DLY 10 usec, 
     reliability 255/255, txload 1/255, rxload 1/255
  Encapsulation ARPA, loopback not set
  Keepalive set (10 sec)
  Auto Duplex, Auto Speed, link type is auto, media type is RJ45
  output flow-control is unsupported, input flow-control is unsupported
  ARP type: ARPA, ARP Timeout 04:00:00
  Last input never, output 00:00:01, output hang never
  Last clearing of "show interface" counters never
  Input queue: 0/75/0/0 (size/max/drops/flushes); Total output drops: 0
  Queueing strategy: fifo
  Output queue: 0/0 (size/max)
  5 minute input rate 0 bits/sec, 0 packets/sec
  5 minute output rate 0 bits/sec, 0 packets/sec
     0 packets input, 0 bytes, 0 no buffer
     Received 0 broadcasts (0 multicasts)
     0 runts, 0 giants, 0 throttles 
     0 input errors, 0 CRC, 0 frame, 0 overrun, 0 ignored
     0 watchdog, 0 multicast, 0 pause input
     2122 packets output, 471469 bytes, 0 underruns
     0 output errors, 0 collisions, 2 interface resets
     0 unknown protocol drops
     0 babbles, 0 late collision, 0 deferred
     0 lost carrier, 0 no carrier, 0 pause output
     0 output buffer failures, 0 output buffers swapped out
GigabitEthernet0/2 is up, line protocol is up (connected) 
  Hardware is iGbE, address is 5000.0003.0002 (bia 5000.0003.0002)
  MTU 1500 bytes, BW 1000000 Kbit/sec, DLY 10 usec, 
     reliability 255/255, txload 1/255, rxload 1/255
  Encapsulation ARPA, loopback not set
  Keepalive set (10 sec)
  Auto Duplex, Auto Speed, link type is auto, media type is RJ45
  output flow-control is unsupported, input flow-control is unsupported
  ARP type: ARPA, ARP Timeout 04:00:00
  Last input never, output 00:00:01, output hang never
  Last clearing of "show interface" counters never
  Input queue: 0/75/0/0 (size/max/drops/flushes); Total output drops: 0
  Queueing strategy: fifo
  Output queue: 0/0 (size/max)
  5 minute input rate 0 bits/sec, 0 packets/sec
  5 minute output rate 0 bits/sec, 0 packets/sec
     0 packets input, 0 bytes, 0 no buffer
     Received 0 broadcasts (0 multicasts)
     0 runts, 0 giants, 0 throttles 
     0 input errors, 0 CRC, 0 frame, 0 overrun, 0 ignored
     0 watchdog, 0 multicast, 0 pause input
     2123 packets output, 471868 bytes, 0 underruns
     0 output errors, 0 collisions, 2 interface resets
     0 unknown protocol drops
     0 babbles, 0 late collision, 0 deferred
     0 lost carrier, 0 no carrier, 0 pause output
     0 output buffer failures, 0 output buffers swapped out
GigabitEthernet0/3 is up, line protocol is up (connected) 
  Hardware is iGbE, address is 5000.0003.0003 (bia 5000.0003.0003)
  MTU 1500 bytes, BW 1000000 Kbit/sec, DLY 10 usec, 
     reliability 255/255, txload 1/255, rxload 1/255
  Encapsulation ARPA, loopback not set
  Keepalive set (10 sec)
  Auto Duplex, Auto Speed, link type is auto, media type is RJ45
  output flow-control is unsupported, input flow-control is unsupported
  ARP type: ARPA, ARP Timeout 04:00:00
  Last input never, output 00:00:01, output hang never
  Last clearing of "show interface" counters never
  Input queue: 0/75/0/0 (size/max/drops/flushes); Total output drops: 0
  Queueing strategy: fifo
  Output queue: 0/0 (size/max)
  5 minute input rate 0 bits/sec, 0 packets/sec
  5 minute output rate 0 bits/sec, 0 packets/sec
     0 packets input, 0 bytes, 0 no buffer
     Received 0 broadcasts (0 multicasts)
     0 runts, 0 giants, 0 throttles 
     0 input errors, 0 CRC, 0 frame, 0 overrun, 0 ignored
     0 watchdog, 0 multicast, 0 pause input
     2123 packets output, 471868 bytes, 0 underruns
     0 output errors, 0 collisions, 2 interface resets
     0 unknown protocol drops
     0 babbles, 0 late collision, 0 deferred
     0 lost carrier, 0 no carrier, 0 pause output
     0 output buffer failures, 0 output buffers swapped out
GigabitEthernet1/0 is up, line protocol is up (connected) 
  Hardware is iGbE, address is 5000.0003.0004 (bia 5000.0003.0004)
  MTU 1500 bytes, BW 1000000 Kbit/sec, DLY 10 usec, 
     reliability 255/255, txload 1/255, rxload 1/255
  Encapsulation ARPA, loopback not set
  Keepalive set (10 sec)
  Auto Duplex, Auto Speed, link type is auto, media type is RJ45
  output flow-control is unsupported, input flow-control is unsupported
  ARP type: ARPA, ARP Timeout 04:00:00
  Last input never, output 00:00:01, output hang never
  Last clearing of "show interface" counters never
  Input queue: 0/75/0/0 (size/max/drops/flushes); Total output drops: 0
  Queueing strategy: fifo
  Output queue: 0/0 (size/max)
  5 minute input rate 0 bits/sec, 0 packets/sec
  5 minute output rate 0 bits/sec, 0 packets/sec
     0 packets input, 0 bytes, 0 no buffer
     Received 0 broadcasts (0 multicasts)
     0 runts, 0 giants, 0 throttles 
     0 input errors, 0 CRC, 0 frame, 0 overrun, 0 ignored
     0 watchdog, 0 multicast, 0 pause input
     2122 packets output, 471469 bytes, 0 underruns
     0 output errors, 0 collisions, 2 interface resets
     0 unknown protocol drops
     0 babbles, 0 late collision, 0 deferred
     0 lost carrier, 0 no carrier, 0 pause output
     0 output buffer failures, 0 output buffers swapped out
GigabitEthernet1/1 is up, line protocol is up (connected) 
  Hardware is iGbE, address is 5000.0003.0005 (bia 5000.0003.0005)
  MTU 1500 bytes, BW 1000000 Kbit/sec, DLY 10 usec, 
     reliability 255/255, txload 1/255, rxload 1/255
  Encapsulation ARPA, loopback not set
  Keepalive set (10 sec)
  Auto Duplex, Auto Speed, link type is auto, media type is RJ45
  output flow-control is unsupported, input flow-control is unsupported
  ARP type: ARPA, ARP Timeout 04:00:00
  Last input never, output 00:00:01, output hang never
  Last clearing of "show interface" counters never
  Input queue: 0/75/0/0 (size/max/drops/flushes); Total output drops: 0
  Queueing strategy: fifo
  Output queue: 0/0 (size/max)
  5 minute input rate 0 bits/sec, 0 packets/sec
  5 minute output rate 0 bits/sec, 0 packets/sec
     0 packets input, 0 bytes, 0 no buffer
     Received 0 broadcasts (0 multicasts)
     0 runts, 0 giants, 0 throttles 
     0 input errors, 0 CRC, 0 frame, 0 overrun, 0 ignored
     0 watchdog, 0 multicast, 0 pause input
     2123 packets output, 471868 bytes, 0 underruns
     0 output errors, 0 collisions, 2 interface resets
     0 unknown protocol drops
     0 babbles, 0 late collision, 0 deferred
     0 lost carrier, 0 no carrier, 0 pause output
     0 output buffer failures, 0 output buffers swapped out
GigabitEthernet1/2 is up, line protocol is up (connected) 
  Hardware is iGbE, address is 5000.0003.0006 (bia 5000.0003.0006)
  MTU 1500 bytes, BW 1000000 Kbit/sec, DLY 10 usec, 
     reliability 255/255, txload 1/255, rxload 1/255
  Encapsulation ARPA, loopback not set
  Keepalive set (10 sec)
  Auto Duplex, Auto Speed, link type is auto, media type is RJ45
  output flow-control is unsupported, input flow-control is unsupported
  ARP type: ARPA, ARP Timeout 04:00:00
  Last input never, output 00:00:01, output hang never
  Last clearing of "show interface" counters never
  Input queue: 0/75/0/0 (size/max/drops/flushes); Total output drops: 0
  Queueing strategy: fifo
  Output queue: 0/0 (size/max)
  5 minute input rate 0 bits/sec, 0 packets/sec
  5 minute output rate 0 bits/sec, 0 packets/sec
     0 packets input, 0 bytes, 0 no buffer
     Received 0 broadcasts (0 multicasts)
     0 runts, 0 giants, 0 throttles 
     0 input errors, 0 CRC, 0 frame, 0 overrun, 0 ignored
     0 watchdog, 0 multicast, 0 pause input
     2123 packets output, 471868 bytes, 0 underruns
     0 output errors, 0 collisions, 2 interface resets
     0 unknown protocol drops
     0 babbles, 0 late collision, 0 deferred
     0 lost carrier, 0 no carrier, 0 pause output
     0 output buffer failures, 0 output buffers swapped out
GigabitEthernet1/3 is up, line protocol is up (connected) 
  Hardware is iGbE, address is 5000.0003.0007 (bia 5000.0003.0007)
  MTU 1500 bytes, BW 1000000 Kbit/sec, DLY 10 usec, 
     reliability 255/255, txload 1/255, rxload 1/255
  Encapsulation ARPA, loopback not set
  Keepalive set (10 sec)
  Auto Duplex, Auto Speed, link type is auto, media type is RJ45
  output flow-control is unsupported, input flow-control is unsupported
  ARP type: ARPA, ARP Timeout 04:00:00
  Last input never, output 00:00:01, output hang never
  Last clearing of "show interface" counters never
  Input queue: 0/75/0/0 (size/max/drops/flushes); Total output drops: 0
  Queueing strategy: fifo
  Output queue: 0/0 (size/max)
  5 minute input rate 0 bits/sec, 0 packets/sec
  5 minute output rate 0 bits/sec, 0 packets/sec
     0 packets input, 0 bytes, 0 no buffer
     Received 0 broadcasts (0 multicasts)
     0 runts, 0 giants, 0 throttles 
     0 input errors, 0 CRC, 0 frame, 0 overrun, 0 ignored
     0 watchdog, 0 multicast, 0 pause input
     2122 packets output, 471469 bytes, 0 underruns
     0 output errors, 0 collisions, 2 interface resets
     0 unknown protocol drops
     0 babbles, 0 late collision, 0 deferred
     0 lost carrier, 0 no carrier, 0 pause output
     0 output buffer failures, 0 output buffers swapped out
Loopback99 is up, line protocol is up 
  Hardware is Loopback
  Internet address is 9.9.9.9/32
  MTU 1514 bytes, BW 8000000 Kbit/sec, DLY 5000 usec, 
     reliability 255/255, txload 1/255, rxload 1/255
  Encapsulation LOOPBACK, loopback not set
  Keepalive set (10 sec)
  Last input never, output never, output hang never
  Last clearing of "show interface" counters never
  Input queue: 0/75/0/0 (size/max/drops/flushes); Total output drops: 0
  Queueing strategy: fifo
  Output queue: 0/0 (size/max)
  5 minute input rate 0 bits/sec, 0 packets/sec
  5 minute output rate 0 bits/sec, 0 packets/sec
     0 packets input, 0 bytes, 0 no buffer
     Received 0 broadcasts (0 IP multicasts)
     0 runts, 0 giants, 0 throttles 
     0 input errors, 0 CRC, 0 frame, 0 overrun, 0 ignored, 0 abort
     0 packets output, 0 bytes, 0 underruns
     0 output errors, 0 collisions, 0 interface resets
     0 unknown protocol drops
     0 output buffer failures, 0 output buffers swapped out
Vlan1 is up, line protocol is up 
  Hardware is Ethernet SVI, address is 5000.0003.8001 (bia 5000.0003.8001)
  Internet address is 192.168.159.102/24
  MTU 1500 bytes, BW 1000000 Kbit/sec, DLY 10 usec, 
     reliability 255/255, txload 1/255, rxload 1/255
  Encapsulation ARPA, loopback not set
  Keepalive not supported 
  ARP type: ARPA, ARP Timeout 04:00:00
  Last input 00:00:00, output never, output hang never
  Last clearing of "show interface" counters never
  Input queue: 1/75/0/0 (size/max/drops/flushes); Total output drops: 0
  Queueing strategy: fifo
  Output queue: 0/40 (size/max)
  5 minute input rate 1000 bits/sec, 1 packets/sec
  5 minute output rate 1000 bits/sec, 1 packets/sec
     1657 packets input, 424178 bytes, 0 no buffer
     Received 0 broadcasts (0 IP multicasts)
     0 runts, 0 giants, 0 throttles 
     0 input errors, 0 CRC, 0 frame, 0 overrun, 0 ignored
     1723 packets output, 208948 bytes, 0 underruns
     0 output errors, 0 interface resets
     0 unknown protocol drops
     0 output buffer failures, 0 output buffers swapped out
SW-2# show cdp nei
Capability Codes: R - Router, T - Trans Bridge, B - Source Route Bridge
                  S - Switch, H - Host, I - IGMP, r - Repeater, P - Phone, 
                  D - Remote, C - CVTA, M - Two-port Mac Relay 

Device ID        Local Intrfce     Holdtme    Capability  Platform  Port ID
TEST.CSW         Gig 0/0           142             R S I            Gig 0/2

Total cdp entries displayed : 1
SW-2# show cdp nei detail
-------------------------
Device ID: TEST.CSW
Entry address(es): 
  IP address: 192.168.159.100
Platform: Cisco ,  Capabilities: Router Switch IGMP 
Interface: GigabitEthernet0/0,  Port ID (outgoing port): GigabitEthernet0/2
Holdtime : 142 sec

Version :
Cisco IOS Software, vios_l2 Software (vios_l2-ADVENTERPRISEK9-M), Experimental Version 15.2(20200924:215240) [sweickge-sep24-2020-l2iol-release 135]
Copyright (c) 1986-2020 by Cisco Systems, Inc.
Compiled Tue 29-Sep-20 11:53 by sweickge

advertisement version: 2
VTP Management Domain: ''
Native VLAN: 1
Duplex: full
Management address(es): 
  IP address: 192.168.159.100


Total cdp entries displayed : 1
SW-2# show ip traffic
IP statistics:
  Rcvd:  1171 total, 1141 local destination
         0 format errors, 0 checksum errors, 28 bad hop count
         0 unknown protocol, 2 not a gateway
         0 security failures, 0 bad options, 14 with options
  Opts:  0 end, 0 nop, 0 basic security, 0 loose source route
         0 timestamp, 0 extended security, 0 record route
         0 stream ID, 0 strict source route, 14 alert, 0 cipso, 0 ump
         0 other
  Frags: 0 reassembled, 0 timeouts, 0 couldn't reassemble
         0 fragmented, 0 couldn't fragment
         0 invalid hole
  Bcast: 90 received, 0 sent
  Mcast: 0 received, 0 sent
  Sent:  1778 generated, 0 forwarded
  Drop:  0 encapsulation failed, 0 unresolved, 0 no adjacency
         0 no route, 0 unicast RPF, 0 forced drop
         0 options denied, 0 source IP address zero

ICMP statistics:
  Rcvd: 0 format errors, 0 checksum errors, 0 redirects, 0 unreachable
        0 echo, 0 echo reply, 0 mask requests, 0 mask replies, 0 quench
        0 parameter, 0 timestamp, 0 info request, 0 other
        0 irdp solicitations, 0 irdp advertisements
  Sent: 0 redirects, 0 unreachable, 0 echo, 0 echo reply
        0 mask requests, 0 mask replies, 0 quench, 0 timestamp
        0 info reply, 0 time exceeded, 0 parameter problem
        0 irdp solicitations, 0 irdp advertisements

BGP statistics:
  Rcvd: 0 total, 0 opens, 0 notifications, 0 updates
        0 keepalives, 0 route-refresh, 0 unrecognized
  Sent: 0 total, 0 opens, 0 notifications, 0 updates
        0 keepalives, 0 route-refresh

UDP statistics:
  Rcvd: 45 total, 0 checksum errors, 45 no port 0 finput
  Sent: 0 total, 0 forwarded broadcasts

PIMv2 statistics: Sent/Received
  Total: 0/0, 0 checksum errors, 0 format errors
  Registers: 0/0 (0 non-rp, 0 non-sm-group), Register Stops: 0/0,  Hellos: 0/0
  Join/Prunes: 0/0, Asserts: 0/0, grafts: 0/0
  Bootstraps: 0/0, Candidate_RP_Advertisements: 0/0
  Queue drops: 0
  State-Refresh: 0/0

IGMP statistics: Sent/Received
  Total: 0/0, Format errors: 0/0, Checksum errors: 0/0
  Host Queries: 0/0, Host Reports: 0/0, Host Leaves: 0/0 
  DVMRP: 0/0, PIM: 0/0
  Queue drops: 0

TCP statistics:
  Rcvd: 1096 total, 0 checksum errors, 2 no port
  Sent: 1778 total

EIGRP-IPv4 statistics:
  Rcvd: 0 total
  Sent: 0 total

Probe statistics:
  Rcvd: 0 address requests, 0 address replies
        0 proxy name requests, 0 where-is requests, 0 other
  Sent: 0 address requests, 0 address replies (0 proxy)
        0 proxy name replies, 0 where-is replies

OSPF statistics:
  Last clearing of OSPF traffic counters never
  Rcvd: 0 total, 0 checksum errors
  	0 hello, 0 database desc, 0 link state req
  	0 link state updates, 0 link state acks
  Sent: 0 total
  	0 hello, 0 database desc, 0 link state req
  	0 link state updates, 0 link state acks

ARP statistics:
  Rcvd: 9 requests, 0 replies, 0 reverse, 0 other
  Sent: 0 requests, 6 replies (0 proxy), 0 reverse
  Drop due to input queue full: 0
SW-2# show protocol
Global values:
  Internet Protocol routing is enabled
GigabitEthernet0/0 is up, line protocol is up
GigabitEthernet0/1 is up, line protocol is up
GigabitEthernet0/2 is up, line protocol is up
GigabitEthernet0/3 is up, line protocol is up
GigabitEthernet1/0 is up, line protocol is up
GigabitEthernet1/1 is up, line protocol is up
GigabitEthernet1/2 is up, line protocol is up
GigabitEthernet1/3 is up, line protocol is up
Loopback99 is up, line protocol is up
  Internet address is 9.9.9.9/32
Vlan1 is up, line protocol is up
  Internet address is 192.168.159.102/24
SW-2# show hosts
Name lookup view: Global
Default domain is switch2.com
Name/address lookup uses domain service
Name servers are 255.255.255.255

Codes: UN - unknown, EX - expired, OK - OK, ?? - revalidate
       temp - temporary, perm - permanent
       NA - Not Applicable None - Not defined

Host                      Port  Flags      Age Type   Address(es)
SW-2# show int trans supported-list
                ^
% Invalid input detected at '^' marker.

SW-2# show etherchannel summary
Flags:  D - down        P - bundled in port-channel
        I - stand-alone s - suspended
        H - Hot-standby (LACP only)
        R - Layer3      S - Layer2
        U - in use      N - not in use, no aggregation
        f - failed to allocate aggregator

        M - not in use, minimum links not met
        m - not in use, port not aggregated due to minimum links not met
        u - unsuitable for bundling
        w - waiting to be aggregated
        d - default port

        A - formed by Auto LAG


Number of channel-groups in use: 0
Number of aggregators:           0

Group  Port-channel  Protocol    Ports
------+-------------+-----------+-----------------------------------------------

SW-2# show ip route
Codes: L - local, C - connected, S - static, R - RIP, M - mobile, B - BGP
       D - EIGRP, EX - EIGRP external, O - OSPF, IA - OSPF inter area 
       N1 - OSPF NSSA external type 1, N2 - OSPF NSSA external type 2
       E1 - OSPF external type 1, E2 - OSPF external type 2
       i - IS-IS, su - IS-IS summary, L1 - IS-IS level-1, L2 - IS-IS level-2
       ia - IS-IS inter area, * - candidate default, U - per-user static route
       o - ODR, P - periodic downloaded static route, H - NHRP, l - LISP
       a - application route
       + - replicated route, % - next hop override, p - overrides from PfR

Gateway of last resort is not set

      9.0.0.0/32 is subnetted, 1 subnets
C        9.9.9.9 is directly connected, Loopback99
      192.168.159.0/24 is variably subnetted, 2 subnets, 2 masks
C        192.168.159.0/24 is directly connected, Vlan1
L        192.168.159.102/32 is directly connected, Vlan1
SW-2# show ip route ospf

SW-2# show ip route | inc 0.0.0.0

SW-2# show ip cef
Prefix               Next Hop             Interface
0.0.0.0/0            no route
0.0.0.0/8            drop
0.0.0.0/32           receive              
9.9.9.9/32           receive              Loopback99
127.0.0.0/8          drop
192.168.159.0/24     attached             Vlan1
192.168.159.0/32     receive              Vlan1
192.168.159.1/32     attached             Vlan1
192.168.159.2/32     attached             Vlan1
192.168.159.102/32   receive              Vlan1
192.168.159.255/32   receive              Vlan1
224.0.0.0/4          drop
224.0.0.0/24         receive              
240.0.0.0/4          drop
255.255.255.255/32   receive              
SW-2# show mac address-table
          Mac Address Table
-------------------------------------------

Vlan    Mac Address       Type        Ports
----    -----------       --------    -----
   1    000c.29ea.eb2c    DYNAMIC     Gi0/0
   1    0050.56c0.0008    DYNAMIC     Gi0/0
   1    0050.56fb.7a80    DYNAMIC     Gi0/0
   1    5000.0001.0002    DYNAMIC     Gi0/0
  99    5000.0001.0002    DYNAMIC     Gi0/0
Total Mac Addresses for this criterion: 5
SW-2# show arp
Protocol  Address          Age (min)  Hardware Addr   Type   Interface
Internet  192.168.159.1          30   0050.56c0.0008  ARPA   Vlan1
Internet  192.168.159.2           2   0050.56fb.7a80  ARPA   Vlan1
Internet  192.168.159.102         -   5000.0003.8001  ARPA   Vlan1
SW-2# show spanning-tree sum
Switch is in pvst mode
Root bridge for: none
Extended system ID                      is enabled
Portfast Default                        is disabled
Portfast Edge BPDU Guard Default        is disabled
Portfast Edge BPDU Filter Default       is disabled
Loopguard Default                       is disabled
PVST Simulation Default                 is enabled but inactive in pvst mode
Bridge Assurance                        is enabled but inactive in pvst mode
EtherChannel misconfig guard            is enabled
Configured Pathcost method used is short
UplinkFast                              is disabled
BackboneFast                            is disabled

Name                   Blocking Listening Learning Forwarding STP Active
---------------------- -------- --------- -------- ---------- ----------
VLAN0001                     0         0        0          8          8
VLAN0099                     0         0        0          1          1
---------------------- -------- --------- -------- ---------- ----------
2 vlans                      0         0        0          9          9
SW-2# show spanning-tree

VLAN0001
  Spanning tree enabled protocol ieee
  Root ID    Priority    32769
             Address     5000.0001.0000
             Cost        4
             Port        1 (GigabitEthernet0/0)
             Hello Time   2 sec  Max Age 20 sec  Forward Delay 15 sec

  Bridge ID  Priority    32769  (priority 32768 sys-id-ext 1)
             Address     5000.0003.0000
             Hello Time   2 sec  Max Age 20 sec  Forward Delay 15 sec
             Aging Time  300 sec

Interface           Role Sts Cost      Prio.Nbr Type
------------------- ---- --- --------- -------- --------------------------------
Gi0/0               Root FWD 4         128.1    P2p 
Gi0/1               Desg FWD 4         128.2    P2p 
Gi0/2               Desg FWD 4         128.3    P2p 
Gi0/3               Desg FWD 4         128.4    P2p 
Gi1/0               Desg FWD 4         128.5    P2p 
Gi1/1               Desg FWD 4         128.6    P2p 
Gi1/2               Desg FWD 4         128.7    P2p 
Gi1/3               Desg FWD 4         128.8    P2p 



VLAN0099
  Spanning tree enabled protocol ieee
  Root ID    Priority    32867
             Address     5000.0001.0000
             Cost        4
             Port        1 (GigabitEthernet0/0)
             Hello Time   2 sec  Max Age 20 sec  Forward Delay 15 sec

  Bridge ID  Priority    32867  (priority 32768 sys-id-ext 99)
             Address     5000.0003.0000
             Hello Time   2 sec  Max Age 20 sec  Forward Delay 15 sec
             Aging Time  300 sec

Interface           Role Sts Cost      Prio.Nbr Type
------------------- ---- --- --------- -------- --------------------------------
Gi0/0               Root FWD 4         128.1    P2p 


SW-2# show spanning-tree root priority 
VLAN0001         32769
VLAN0099         32867
SW-2# show vtp status
VTP Version capable             : 1 to 3
VTP version running             : 1
VTP Domain Name                 : 
VTP Pruning Mode                : Disabled
VTP Traps Generation            : Disabled
Device ID                       : 5000.0003.8000
Configuration last modified by 192.168.159.102 at 8-22-23 12:58:34
Local updater ID is 192.168.159.102 on interface Vl1 (lowest numbered VLAN interface found)

Feature VLAN:
--------------
VTP Operating Mode                : Server
Maximum VLANs supported locally   : 1005
Number of existing VLANs          : 6
Configuration Revision            : 7
MD5 digest                        : 0x84 0xBF 0x43 0x2F 0x63 0x28 0x93 0xB7 
                                    0x9C 0xCE 0x16 0x42 0x81 0x48 0x2A 0x0A 
SW-2# show vtp interface

 Interface               VTP Status
------------------------------------
 GigabitEthernet0/0       enabled
 GigabitEthernet0/1       enabled
 GigabitEthernet0/2       enabled
 GigabitEthernet0/3       enabled
 GigabitEthernet1/0       enabled
 GigabitEthernet1/1       enabled
 GigabitEthernet1/2       enabled
 GigabitEthernet1/3       enabled
SW-2# show vtp counter
VTP statistics:
Summary advertisements received    : 0
Subset advertisements received     : 0
Request advertisements received    : 0
Summary advertisements transmitted : 0
Subset advertisements transmitted  : 0
Request advertisements transmitted : 0
Number of config revision errors   : 0
Number of config digest errors     : 0
Number of V1 summary errors        : 0


VTP pruning statistics:

Trunk            Join Transmitted Join Received    Summary advts received from
                                                   non-pruning-capable device
---------------- ---------------- ---------------- ---------------------------
Gi0/0               0                0                0        
SW-2# show boot
BOOT variable does not exist
CONFIG_FILE variable does not exist
Configuration register is 0x101

IOSv GRUB info:

GRUB multiboot info:
  IOMEM percent       '25'
  Config Register     '0x101'
  Boot loader         'GRUB 2.00'
  Command line        '/vios_l2-adventerprisek9-m'
  Memory size         1022Mb, low 639K, high 1047416K
  Multiboot info      0x0573D2B0, flags 0x00000247
  Boot device         0x8000FFFF
  Memory map          0x0573D50E (168 bytes)
    0x00000000 .. 0x0009FBFF (     639K, available)
    0x0009FC00 .. 0x0009FFFF (       1K, reserved)
    0x000F0000 .. 0x000FFFFF (      64K, reserved)
    0x00100000 .. 0x3FFDDFFF ( 1047416K, available)
    0x3FFDE000 .. 0x3FFFFFFF (     136K, reserved)
    0xFEFFC000 .. 0xFEFFFFFF (      16K, reserved)
    0xFFFC0000 .. 0xFFFFFFFF (     256K, reserved)
Linker:
  _initdata_start     0x6443450
  _data1_start        0x701A0C0
  _initdata_end       0x701A0AC

Router memory: 1022Mb, 1071899648 bytes

SW-2# show switch
           ^
% Invalid input detected at '^' marker.

SW-2# show module
             ^
% Invalid input detected at '^' marker.

SW-2# show process history
 PID Exectime(ms) Caller PC Process Name
  47           4 0x0        Virtual Exec                    
 173          37 0x2C6C549  TCP Timer                       
  77       11121 0x14D4D3   Ethernet Msec Timer CFM         
 129         711 0x2901B6D  IP Input                        
  76         381 0x14D433   Ethernet Timer CFM              
  47        5607 0x3AD7CF2  Virtual Exec                    
 173          37 0x2C6C549  TCP Timer                       
 129         711 0x2901B6D  IP Input                        
  77       11121 0x14D4D3   Ethernet Msec Timer CFM         
  47        2800 0x3AD7CF2  Virtual Exec                    
 150         313 0x29BD43   SVM UT Process                  
 129         711 0x2901B6D  IP Input                        
  47        2799 0x3AD7CF2  Virtual Exec                    
 226        7232 0x3DAB392  MMA DP TIMER                    
  64      128590 0x97665F   IOSv e1000                      
  47        2796 0x3AD7CF2  Virtual Exec                    
  66        3838 0x144F1C4  Unix address learning process   
 212        7223 0x3DAB392  MMA DB TIMER                    
  89        7173 0x3DAB392  VRRS Main thread                
 128        3767 0x2933682  IP ARP Retry Ager               
 131         313 0x292FC33  IP ARP Track                    
 129         710 0x2901B6D  IP Input                        
  77       11121 0x14D4D3   Ethernet Msec Timer CFM         
  47        5585 0x3AD7CF2  Virtual Exec                    
 129         710 0x2901B6D  IP Input                        
  47        2789 0x3AD7CF2  Virtual Exec                    
 129         710 0x2901B6D  IP Input                        
  77       11121 0x14D4D3   Ethernet Msec Timer CFM         
  47        8355 0x3AD7CF2  Virtual Exec                    
  64      128590 0x97665F   IOSv e1000                      
 129         709 0x2901B6D  IP Input                        
  77       11121 0x14D4D3   Ethernet Msec Timer CFM         
  47        5561 0x3AD7CF2  Virtual Exec                    
 129         709 0x2901B6D  IP Input                        
  47        2779 0x3AD7CF2  Virtual Exec                    
 173          37 0x2C6C549  TCP Timer                       
 129         708 0x2901B6D  IP Input                        
  77       11121 0x14D4D3   Ethernet Msec Timer CFM         
  47        8328 0x3AD7CF2  Virtual Exec                    
  66        3838 0x144F1C4  Unix address learning process   
  47        2774 0x3AD7CF2  Virtual Exec                    
 228        1729 0x654876   MMON MENG                       
  47        2772 0x3AD7CF2  Virtual Exec                    
 128        3767 0x2933682  IP ARP Retry Ager               
 228        1729 0x6548BE   MMON MENG                       
 173          37 0x2C6C549  TCP Timer                       
  77       11120 0x14D4D3   Ethernet Msec Timer CFM         
  47        2770 0x3AD7CF2  Virtual Exec                    
 129         707 0x2901B6D  IP Input                        
  64      128590 0x97665F   IOSv e1000                      
  77       33360 0x14D4D3   Ethernet Msec Timer CFM         
  64      128588 0x97665F   IOSv e1000                      
 226        7232 0x3DAB392  MMA DP TIMER                    
 212        7223 0x3DAB392  MMA DB TIMER                    
  66        3838 0x144F1C4  Unix address learning process   
  89        7173 0x3DAB392  VRRS Main thread                
 128        3767 0x2933682  IP ARP Retry Ager               
  77       11120 0x14D4D3   Ethernet Msec Timer CFM         
  10        3495 0x95FC37   IOSv in console                 
 173          37 0x2C6C549  TCP Timer                       
  77       11120 0x14D4D3   Ethernet Msec Timer CFM         
 129         707 0x2901B6D  IP Input                        
  47        2768 0x3AD7CF2  Virtual Exec                    
 173          37 0x2C6C549  TCP Timer                       
 110        3239 0x1442CCD  UDLD                            
  64      128588 0x97665F   IOSv e1000                      
  47        2768 0x3AD7CF2  Virtual Exec                    
 173          37 0x2C6C549  TCP Timer                       
 129         706 0x2901B6D  IP Input                        
  77       11120 0x14D4D3   Ethernet Msec Timer CFM         
  73       10852 0x86BCDA   Per-Second Jobs                 
  77       11120 0x14D4D3   Ethernet Msec Timer CFM         
  66        3838 0x144F1C4  Unix address learning process   
 228        1729 0x654876   MMON MENG                       
 228        1729 0x6548BE   MMON MENG                       
 128        3767 0x2933682  IP ARP Retry Ager               
  77       11120 0x14D4D3   Ethernet Msec Timer CFM         
  64      128588 0x97665F   IOSv e1000                      
  77       22240 0x14D4D3   Ethernet Msec Timer CFM         
  64      128587 0x97665F   IOSv e1000                      
 226        7232 0x3DAB392  MMA DP TIMER                    
  77       11120 0x14D4D3   Ethernet Msec Timer CFM         
 212        7223 0x3DAB392  MMA DB TIMER                    
  66        3838 0x144F1C4  Unix address learning process   
  89        7173 0x3DAB392  VRRS Main thread                
 128        3767 0x2933682  IP ARP Retry Ager               
  94         428 0x7F6643   SSS Feature Timer               
  77       11120 0x14D4D3   Ethernet Msec Timer CFM         
  47        2765 0x3AD7CF2  Virtual Exec                    
 129         705 0x2901B6D  IP Input                        
  47        2765 0x3AD7CF2  Virtual Exec                    
  77       11120 0x14D4D3   Ethernet Msec Timer CFM         
  47        2761 0x3AD7CF2  Virtual Exec                    
 173          37 0x2C6C549  TCP Timer                       
  64      128587 0x97665F   IOSv e1000                      
 129         704 0x2901B6D  IP Input                        
  47        2760 0x3AD7CF2  Virtual Exec                    
 129         703 0x2901B6D  IP Input                        
  47        2758 0x3AD7CF2  Virtual Exec                    
 129         703 0x2901B6D  IP Input                        
  77       11120 0x14D4D3   Ethernet Msec Timer CFM         
  47        8263 0x3AD7CF2  Virtual Exec                    
 129         703 0x2901B6D  IP Input                        
  47        2751 0x3AD7CF2  Virtual Exec                    
 228        1729 0x654876   MMON MENG                       
  77       11119 0x14D4D3   Ethernet Msec Timer CFM         
  47        2750 0x3AD7CF2  Virtual Exec                    
  66        3838 0x144F1C4  Unix address learning process   
 228        1729 0x6548BE   MMON MENG                       
 129         703 0x2901B6D  IP Input                        
  47        2748 0x3AD7CF2  Virtual Exec                    
 128        3767 0x2933682  IP ARP Retry Ager               
  64      128587 0x97665F   IOSv e1000                      
  47        2745 0x3AD7CF2  Virtual Exec                    
 173          37 0x2C6C549  TCP Timer                       
  77       11119 0x14D4D3   Ethernet Msec Timer CFM         
  47        2743 0x3AD7CF2  Virtual Exec                    
 129         702 0x2901B6D  IP Input                        
  10        3495 0x95FC37   IOSv in console                 
  77       11119 0x14D4D3   Ethernet Msec Timer CFM         
 110        3238 0x1442CCD  UDLD                            
   2          33 0x8FF3CD   Load Meter                      
  77       11119 0x14D4D3   Ethernet Msec Timer CFM         
  64      128587 0x97665F   IOSv e1000                      
 226        7232 0x3DAB392  MMA DP TIMER                    
  77       11119 0x14D4D3   Ethernet Msec Timer CFM         
 212        7223 0x3DAB392  MMA DB TIMER                    
  89        7173 0x3DAB392  VRRS Main thread                
SW-2# show process cpu history
                                                                  
                                                                  
                                                                  
      433333                                                      
      211111777777777777777777777777777777777779999977777777778888
  100                                                           
   90                                                           
   80                                                           
   70                                                           
   60                                                           
   50                                                           
   40 *                                                         
   30 ******                                                    
   20 ******                                                    
   10 **********************************************************
     0....5....1....1....2....2....3....3....4....4....5....5....6
               0    5    0    5    0    5    0    5    0    5    0
               CPU% per second (last 60 seconds)

                                                                  
                                                                  
                                                                  
             5          1    1 42  1   1 1    4 9                 
      9898989099889989990999909099908980908989189                 
  100                                           *               
   90                                           *               
   80                                           #               
   70                                           #               
   60                                           #               
   50        *                                  #               
   40        *                 *              * #               
   30        *                 **             * #               
   20        *                 **             * #               
   10 ###########################################               
     0....5....1....1....2....2....3....3....4....4....5....5....6
               0    5    0    5    0    5    0    5    0    5    0
               CPU% per minute (last 60 minutes)
              * = maximum CPU%   # = average CPU%

                                                                              
                                                                              
                                                                              
                                                                              
                                                                              
  100                                                                       
   90                                                                       
   80                                                                       
   70                                                                       
   60                                                                       
   50                                                                       
   40                                                                       
   30                                                                       
   20                                                                       
   10                                                                       
     0....5....1....1....2....2....3....3....4....4....5....5....6....6....7..
               0    5    0    5    0    5    0    5    0    5    0    5    0  
                   CPU% per hour (last 72 hours)
                  * = maximum CPU%   # = average CPU%


SW-2# show environment status
            ^
% Invalid input detected at '^' marker.

SW-2# show environment
            ^
% Invalid input detected at '^' marker.

SW-2# show power switch all
            ^
% Invalid input detected at '^' marker.

SW-2# show power inline 
            ^
% Invalid input detected at '^' marker.

SW-2# show license all
            ^
% Invalid input detected at '^' marker.

SW-2# show license status
            ^
% Invalid input detected at '^' marker.

SW-2# show license usage
            ^
% Invalid input detected at '^' marker.

SW-2# show license summary
            ^
% Invalid input detected at '^' marker.

SW-2# show license authorization
            ^
% Invalid input detected at '^' marker.

SW-2# dir /all
Directory of flash0:/

    1  drw-           0  Jan 30 2013 00:00:00 +00:00  boot
  264  drw-           0  Oct 14 2013 00:00:00 +00:00  config
  267  -rw-         567  Sep 29 2020 00:00:00 +00:00  eula.txt
  268  -rw-   119857844  Sep 29 2020 00:00:00 +00:00  vios_l2-adventerprisek9-m
  269  -rw-      524288  Aug 20 2023 06:54:24 +00:00  nvram
  270  -rw-         159  Sep 18 2023 06:32:04 +00:00  e1000_bia.txt
  271  -rw-          35  Aug 20 2023 07:47:28 +00:00  pnp-tech-time
  272  -rw-       77378  Aug 20 2023 07:47:30 +00:00  pnp-tech-discovery-summary

2142715904 bytes total (2017636352 bytes free)
SW-2# show diagnostic status
             ^
% Invalid input detected at '^' marker.

SW-2# show logging
Syslog logging: enabled (0 messages dropped, 1 messages rate-limited, 0 flushes, 0 overruns, xml disabled, filtering disabled)

No Active Message Discriminator.



No Inactive Message Discriminator.


    Console logging: level debugging, 40 messages logged, xml disabled,
                     filtering disabled
    Monitor logging: level debugging, 0 messages logged, xml disabled,
                     filtering disabled
    Buffer logging:  level debugging, 41 messages logged, xml disabled,
                    filtering disabled
    Exception Logging: size (8192 bytes)
    Count and timestamp logging messages: disabled
    Persistent logging: disabled
    Trap logging: level informational, 44 message lines logged
        Logging Source-Interface:       VRF Name:

Log Buffer (8192 bytes):

*Mar  1 00:00:01.444: %ATA-6-DEV_FOUND: device 0x1F0
*Mar  1 00:00:01.564: %NVRAM-5-CONFIG_NVRAM_READ_OK: NVRAM configuration 'flash:/nvram' was read from disk.
*Sep 18 06:29:09.020: %SPANTREE-5-EXTENDED_SYSID: Extended SysId enabled for type vlan
*Sep 18 06:29:13.242: %LINK-5-CHANGED: Interface GigabitEthernet0/0, changed state to reset
*Sep 18 06:29:13.244: %LINK-5-CHANGED: Interface GigabitEthernet0/1, changed state to reset
*Sep 18 06:29:13.245: %LINK-5-CHANGED: Interface GigabitEthernet0/2, changed state to reset
*Sep 18 06:29:13.245: %LINK-5-CHANGED: Interface GigabitEthernet0/3, changed state to reset
*Sep 18 06:29:13.246: %LINK-5-CHANGED: Interface GigabitEthernet1/0, changed state to reset
*Sep 18 06:29:13.247: %LINK-5-CHANGED: Interface GigabitEthernet1/1, changed state to reset
*Sep 18 06:29:13.247: %LINK-5-CHANGED: Interface GigabitEthernet1/2, changed state to reset
*Sep 18 06:29:13.248: %LINK-5-CHANGED: Interface GigabitEthernet1/3, changed state to reset
*Sep 18 06:29:13.865: %SYS-5-CONFIG_I: Configured from memory by console
*Sep 18 06:29:14.261: %LINEPROTO-5-UPDOWN: Line protocol on Interface GigabitEthernet0/0, changed state to down
*Sep 18 06:29:14.262: %LINEPROTO-5-UPDOWN: Line protocol on Interface GigabitEthernet0/1, changed state to up
*Sep 18 06:29:14.263: %LINEPROTO-5-UPDOWN: Line protocol on Interface GigabitEthernet0/2, changed state to up
*Sep 18 06:29:14.263: %LINEPROTO-5-UPDOWN: Line protocol on Interface GigabitEthernet0/3, changed state to up
*Sep 18 06:29:14.264: %LINEPROTO-5-UPDOWN: Line protocol on Interface GigabitEthernet1/0, changed state to up
*Sep 18 06:29:14.264: %LINEPROTO-5-UPDOWN: Line protocol on Interface GigabitEthernet1/1, changed state to up
*Sep 18 06:29:14.265: %LINEPROTO-5-UPDOWN: Line protocol on Interface GigabitEthernet1/2, changed state to up
*Sep 18 06:29:14.265: %LINEPROTO-5-UPDOWN: Line protocol on Interface GigabitEthernet1/3, changed state to up
*Sep 18 06:29:14.699: %LINEPROTO-5-UPDOWN: Line protocol on Interface Loopback99, changed state to up
*Sep 18 06:29:14.700: %LINEPROTO-5-UPDOWN: Line protocol on Interface Vlan1, changed state to down
*Sep 18 06:29:15.526: %LINK-3-UPDOWN: Interface GigabitEthernet1/3, changed state to up
*Sep 18 06:29:15.528: %LINK-3-UPDOWN: Interface GigabitEthernet1/2, changed state to up
*Sep 18 06:29:15.530: %LINK-3-UPDOWN: Interface GigabitEthernet1/1, changed state to up
*Sep 18 06:29:15.531: %LINK-3-UPDOWN: Interface GigabitEthernet1/0, changed state to up
*Sep 18 06:29:15.533: %LINK-3-UPDOWN: Interface GigabitEthernet0/3, changed state to up
*Sep 18 06:29:15.534: %LINK-3-UPDOWN: Interface GigabitEthernet0/2, changed state to up
*Sep 18 06:29:15.536: %LINK-3-UPDOWN: Interface GigabitEthernet0/1, changed state to up
*Sep 18 06:29:15.537: %LINK-3-UPDOWN: Interface GigabitEthernet0/0, changed state to up
*Sep 18 06:29:16.569: %LINEPROTO-5-UPDOWN: Line protocol on Interface GigabitEthernet0/0, changed state to up
*Sep 18 06:29:18.268: %SYS-5-RESTART: System restarted --
Cisco IOS Software, vios_l2 Software (vios_l2-ADVENTERPRISEK9-M), Experimental Version 15.2(20200924:215240) [sweickge-sep24-2020-l2iol-release 135]
Copyright (c) 1986-2020 by Cisco Systems, Inc.
Compiled Tue 29-Sep-20 11:53 by sweickge
*Sep 18 06:29:18.551: %PNP-6-PNP_DISCOVERY_STOPPED: PnP Discovery stopped (Startup Config Present)
*Sep 18 06:29:18.556: %SSH-5-ENABLED: SSH 1.99 has been enabled
*Sep 18 06:30:02.936: %PLATFORM-5-SIGNATURE_VERIFIED: Image 'flash0:/vios_l2-adventerprisek9-m' passed code signing verification
*Sep 18 06:31:47.083: %SYS-5-CONFIG_I: Configured from console by console
*Sep 18 06:32:02.704: %GRUB-5-CONFIG_WRITING: GRUB configuration is being updated on disk. Please wait...
*Sep 18 06:32:03.451: %GRUB-5-CONFIG_WRITTEN: GRUB configuration was written to disk successfully.
*Sep 18 06:46:13.687: %SYS-5-CONFIG_I: Configured from console by console
*Sep 18 06:46:16.694: %GRUB-5-CONFIG_WRITING: GRUB configuration is being updated on disk. Please wait...
*Sep 18 06:46:17.422: %GRUB-5-CONFIG_WRITTEN: GRUB configuration was written to disk successfully.